Archive member included to satisfy reference by file (symbol)

c:/program files (x86)/atollic/truestudio for stm32 9.0.0/armtools/bin/../lib/gcc/arm-atollic-eabi/6.3.1/../../../../arm-atollic-eabi/lib/armv7e-m/fpu\libc_nano.a(lib_a-init.o)
                              src\startup_stm32f40xx.o (__libc_init_array)
c:/program files (x86)/atollic/truestudio for stm32 9.0.0/armtools/bin/../lib/gcc/arm-atollic-eabi/6.3.1/../../../../arm-atollic-eabi/lib/armv7e-m/fpu\libc_nano.a(lib_a-memcpy-stub.o)
                              FreeRTOS\Source\queue.o (memcpy)
c:/program files (x86)/atollic/truestudio for stm32 9.0.0/armtools/bin/../lib/gcc/arm-atollic-eabi/6.3.1/../../../../arm-atollic-eabi/lib/armv7e-m/fpu\libc_nano.a(lib_a-memset.o)
                              FreeRTOS\Source\stream_buffer.o (memset)

Allocating common symbols
Common symbol       size              file

xQueueRegistry      0x40              FreeRTOS\Source\queue.o

Discarded input sections

 .text          0x00000000        0x0 c:/program files (x86)/atollic/truestudio for stm32 9.0.0/armtools/bin/../lib/gcc/arm-atollic-eabi/6.3.1/armv7e-m/fpu/crti.o
 .data          0x00000000        0x0 c:/program files (x86)/atollic/truestudio for stm32 9.0.0/armtools/bin/../lib/gcc/arm-atollic-eabi/6.3.1/armv7e-m/fpu/crti.o
 .bss           0x00000000        0x0 c:/program files (x86)/atollic/truestudio for stm32 9.0.0/armtools/bin/../lib/gcc/arm-atollic-eabi/6.3.1/armv7e-m/fpu/crti.o
 .data          0x00000000        0x4 c:/program files (x86)/atollic/truestudio for stm32 9.0.0/armtools/bin/../lib/gcc/arm-atollic-eabi/6.3.1/armv7e-m/fpu/crtbegin.o
 .text          0x00000000        0x0 FreeRTOS\Source\croutine.o
 .data          0x00000000        0x0 FreeRTOS\Source\croutine.o
 .bss           0x00000000        0x0 FreeRTOS\Source\croutine.o
 .debug_info    0x00000000       0x9a FreeRTOS\Source\croutine.o
 .debug_abbrev  0x00000000       0x44 FreeRTOS\Source\croutine.o
 .debug_aranges
                0x00000000       0x18 FreeRTOS\Source\croutine.o
 .debug_line    0x00000000      0x185 FreeRTOS\Source\croutine.o
 .debug_str     0x00000000      0x205 FreeRTOS\Source\croutine.o
 .comment       0x00000000       0x7d FreeRTOS\Source\croutine.o
 .ARM.attributes
                0x00000000       0x39 FreeRTOS\Source\croutine.o
 .text          0x00000000        0x0 FreeRTOS\Source\event_groups.o
 .data          0x00000000        0x0 FreeRTOS\Source\event_groups.o
 .bss           0x00000000        0x0 FreeRTOS\Source\event_groups.o
 .text.xEventGroupCreate
                0x00000000       0x2e FreeRTOS\Source\event_groups.o
 .text.xEventGroupSync
                0x00000000      0x158 FreeRTOS\Source\event_groups.o
 .text.xEventGroupWaitBits
                0x00000000      0x194 FreeRTOS\Source\event_groups.o
 .text.xEventGroupClearBits
                0x00000000       0x6c FreeRTOS\Source\event_groups.o
 .text.xEventGroupGetBitsFromISR
                0x00000000       0x46 FreeRTOS\Source\event_groups.o
 .text.xEventGroupSetBits
                0x00000000      0x112 FreeRTOS\Source\event_groups.o
 .text.vEventGroupDelete
                0x00000000       0x60 FreeRTOS\Source\event_groups.o
 .text.vEventGroupSetBitsCallback
                0x00000000       0x1a FreeRTOS\Source\event_groups.o
 .text.vEventGroupClearBitsCallback
                0x00000000       0x1a FreeRTOS\Source\event_groups.o
 .text.prvTestWaitCondition
                0x00000000       0x44 FreeRTOS\Source\event_groups.o
 .text.uxEventGroupGetNumber
                0x00000000       0x2c FreeRTOS\Source\event_groups.o
 .text.vEventGroupSetNumber
                0x00000000       0x1c FreeRTOS\Source\event_groups.o
 .debug_info    0x00000000     0x1120 FreeRTOS\Source\event_groups.o
 .debug_abbrev  0x00000000      0x2f1 FreeRTOS\Source\event_groups.o
 .debug_aranges
                0x00000000       0x78 FreeRTOS\Source\event_groups.o
 .debug_ranges  0x00000000       0x68 FreeRTOS\Source\event_groups.o
 .debug_line    0x00000000      0x5ef FreeRTOS\Source\event_groups.o
 .debug_str     0x00000000      0xa30 FreeRTOS\Source\event_groups.o
 .comment       0x00000000       0x7d FreeRTOS\Source\event_groups.o
 .debug_frame   0x00000000      0x1d0 FreeRTOS\Source\event_groups.o
 .ARM.attributes
                0x00000000       0x39 FreeRTOS\Source\event_groups.o
 .text          0x00000000        0x0 FreeRTOS\Source\list.o
 .data          0x00000000        0x0 FreeRTOS\Source\list.o
 .bss           0x00000000        0x0 FreeRTOS\Source\list.o
 .text          0x00000000        0x0 FreeRTOS\Source\portable\GCC\ARM_CM4F\port.o
 .data          0x00000000        0x0 FreeRTOS\Source\portable\GCC\ARM_CM4F\port.o
 .bss           0x00000000        0x0 FreeRTOS\Source\portable\GCC\ARM_CM4F\port.o
 .rodata.pcInterruptPriorityRegisters
                0x00000000        0x4 FreeRTOS\Source\portable\GCC\ARM_CM4F\port.o
 .text.vPortEndScheduler
                0x00000000       0x34 FreeRTOS\Source\portable\GCC\ARM_CM4F\port.o
 .text.vPortValidateInterruptPriority
                0x00000000       0x7c FreeRTOS\Source\portable\GCC\ARM_CM4F\port.o
 .text          0x00000000        0x0 FreeRTOS\Source\portable\MemMang\heap_4.o
 .data          0x00000000        0x0 FreeRTOS\Source\portable\MemMang\heap_4.o
 .bss           0x00000000        0x0 FreeRTOS\Source\portable\MemMang\heap_4.o
 .rodata.xHeapStructSize
                0x00000000        0x4 FreeRTOS\Source\portable\MemMang\heap_4.o
 .text.xPortGetFreeHeapSize
                0x00000000       0x18 FreeRTOS\Source\portable\MemMang\heap_4.o
 .text.xPortGetMinimumEverFreeHeapSize
                0x00000000       0x18 FreeRTOS\Source\portable\MemMang\heap_4.o
 .text.vPortInitialiseBlocks
                0x00000000        0xe FreeRTOS\Source\portable\MemMang\heap_4.o
 .text          0x00000000        0x0 FreeRTOS\Source\queue.o
 .data          0x00000000        0x0 FreeRTOS\Source\queue.o
 .bss           0x00000000        0x0 FreeRTOS\Source\queue.o
 .text.xQueueGenericReset
                0x00000000       0xd0 FreeRTOS\Source\queue.o
 .text.xQueueGenericCreate
                0x00000000       0x72 FreeRTOS\Source\queue.o
 .text.prvInitialiseNewQueue
                0x00000000       0x46 FreeRTOS\Source\queue.o
 .text.prvInitialiseMutex
                0x00000000       0x34 FreeRTOS\Source\queue.o
 .text.xQueueCreateMutex
                0x00000000       0x30 FreeRTOS\Source\queue.o
 .text.xQueueGiveMutexRecursive
                0x00000000       0x66 FreeRTOS\Source\queue.o
 .text.xQueueTakeMutexRecursive
                0x00000000       0x6a FreeRTOS\Source\queue.o
 .text.xQueueCreateCountingSemaphore
                0x00000000       0x62 FreeRTOS\Source\queue.o
 .text.xQueueGenericSend
                0x00000000      0x1f4 FreeRTOS\Source\queue.o
 .text.xQueueGenericSendFromISR
                0x00000000      0x128 FreeRTOS\Source\queue.o
 .text.xQueueGiveFromISR
                0x00000000      0x112 FreeRTOS\Source\queue.o
 .text.xQueueReceive
                0x00000000      0x1b8 FreeRTOS\Source\queue.o
 .text.xQueueSemaphoreTake
                0x00000000      0x210 FreeRTOS\Source\queue.o
 .text.xQueuePeek
                0x00000000      0x1bc FreeRTOS\Source\queue.o
 .text.xQueueReceiveFromISR
                0x00000000       0xfa FreeRTOS\Source\queue.o
 .text.xQueuePeekFromISR
                0x00000000       0xca FreeRTOS\Source\queue.o
 .text.uxQueueMessagesWaiting
                0x00000000       0x3a FreeRTOS\Source\queue.o
 .text.uxQueueSpacesAvailable
                0x00000000       0x44 FreeRTOS\Source\queue.o
 .text.uxQueueMessagesWaitingFromISR
                0x00000000       0x36 FreeRTOS\Source\queue.o
 .text.vQueueDelete
                0x00000000       0x3a FreeRTOS\Source\queue.o
 .text.uxQueueGetQueueNumber
                0x00000000       0x18 FreeRTOS\Source\queue.o
 .text.vQueueSetQueueNumber
                0x00000000       0x1c FreeRTOS\Source\queue.o
 .text.ucQueueGetQueueType
                0x00000000       0x1a FreeRTOS\Source\queue.o
 .text.prvGetDisinheritPriorityAfterTimeout
                0x00000000       0x30 FreeRTOS\Source\queue.o
 .text.prvCopyDataToQueue
                0x00000000       0xd4 FreeRTOS\Source\queue.o
 .text.prvCopyDataFromQueue
                0x00000000       0x4c FreeRTOS\Source\queue.o
 .text.prvUnlockQueue
                0x00000000       0xa4 FreeRTOS\Source\queue.o
 .text.prvIsQueueEmpty
                0x00000000       0x2c FreeRTOS\Source\queue.o
 .text.xQueueIsQueueEmptyFromISR
                0x00000000       0x42 FreeRTOS\Source\queue.o
 .text.prvIsQueueFull
                0x00000000       0x30 FreeRTOS\Source\queue.o
 .text.xQueueIsQueueFullFromISR
                0x00000000       0x46 FreeRTOS\Source\queue.o
 .text.vQueueAddToRegistry
                0x00000000       0x50 FreeRTOS\Source\queue.o
 .text.pcQueueGetName
                0x00000000       0x4c FreeRTOS\Source\queue.o
 .text.vQueueUnregisterQueue
                0x00000000       0x54 FreeRTOS\Source\queue.o
 .debug_info    0x00000000     0x1e31 FreeRTOS\Source\queue.o
 .debug_abbrev  0x00000000      0x337 FreeRTOS\Source\queue.o
 .debug_aranges
                0x00000000      0x128 FreeRTOS\Source\queue.o
 .debug_ranges  0x00000000      0x118 FreeRTOS\Source\queue.o
 .debug_line    0x00000000      0xc9d FreeRTOS\Source\queue.o
 .debug_str     0x00000000      0xd57 FreeRTOS\Source\queue.o
 .comment       0x00000000       0x7d FreeRTOS\Source\queue.o
 .debug_frame   0x00000000      0x50c FreeRTOS\Source\queue.o
 .ARM.attributes
                0x00000000       0x39 FreeRTOS\Source\queue.o
 COMMON         0x00000000       0x40 FreeRTOS\Source\queue.o
 .text          0x00000000        0x0 FreeRTOS\Source\stream_buffer.o
 .data          0x00000000        0x0 FreeRTOS\Source\stream_buffer.o
 .bss           0x00000000        0x0 FreeRTOS\Source\stream_buffer.o
 .text.xStreamBufferGenericCreate
                0x00000000       0x82 FreeRTOS\Source\stream_buffer.o
 .text.vStreamBufferDelete
                0x00000000       0x4c FreeRTOS\Source\stream_buffer.o
 .text.xStreamBufferReset
                0x00000000       0x82 FreeRTOS\Source\stream_buffer.o
 .text.xStreamBufferSetTriggerLevel
                0x00000000       0x5a FreeRTOS\Source\stream_buffer.o
 .text.xStreamBufferSpacesAvailable
                0x00000000       0x64 FreeRTOS\Source\stream_buffer.o
 .text.xStreamBufferBytesAvailable
                0x00000000       0x38 FreeRTOS\Source\stream_buffer.o
 .text.xStreamBufferSend
                0x00000000      0x148 FreeRTOS\Source\stream_buffer.o
 .text.xStreamBufferSendFromISR
                0x00000000       0xdc FreeRTOS\Source\stream_buffer.o
 .text.prvWriteMessageToBuffer
                0x00000000       0x7a FreeRTOS\Source\stream_buffer.o
 .text.xStreamBufferReceive
                0x00000000      0x126 FreeRTOS\Source\stream_buffer.o
 .text.xStreamBufferReceiveFromISR
                0x00000000       0xd8 FreeRTOS\Source\stream_buffer.o
 .text.prvReadMessageFromBuffer
                0x00000000       0x60 FreeRTOS\Source\stream_buffer.o
 .text.xStreamBufferIsEmpty
                0x00000000       0x4e FreeRTOS\Source\stream_buffer.o
 .text.xStreamBufferIsFull
                0x00000000       0x5e FreeRTOS\Source\stream_buffer.o
 .text.xStreamBufferSendCompletedFromISR
                0x00000000       0x82 FreeRTOS\Source\stream_buffer.o
 .text.xStreamBufferReceiveCompletedFromISR
                0x00000000       0x82 FreeRTOS\Source\stream_buffer.o
 .text.prvWriteBytesToBuffer
                0x00000000       0xde FreeRTOS\Source\stream_buffer.o
 .text.prvReadBytesFromBuffer
                0x00000000       0xee FreeRTOS\Source\stream_buffer.o
 .text.prvBytesInBuffer
                0x00000000       0x40 FreeRTOS\Source\stream_buffer.o
 .text.prvInitialiseNewStreamBuffer
                0x00000000       0x70 FreeRTOS\Source\stream_buffer.o
 .text.uxStreamBufferGetStreamBufferNumber
                0x00000000       0x18 FreeRTOS\Source\stream_buffer.o
 .text.vStreamBufferSetStreamBufferNumber
                0x00000000       0x1c FreeRTOS\Source\stream_buffer.o
 .text.ucStreamBufferGetStreamBufferType
                0x00000000       0x1e FreeRTOS\Source\stream_buffer.o
 .debug_info    0x00000000     0x18d0 FreeRTOS\Source\stream_buffer.o
 .debug_abbrev  0x00000000      0x340 FreeRTOS\Source\stream_buffer.o
 .debug_aranges
                0x00000000       0xd0 FreeRTOS\Source\stream_buffer.o
 .debug_ranges  0x00000000       0xc0 FreeRTOS\Source\stream_buffer.o
 .debug_line    0x00000000      0x826 FreeRTOS\Source\stream_buffer.o
 .debug_str     0x00000000      0xc00 FreeRTOS\Source\stream_buffer.o
 .comment       0x00000000       0x7d FreeRTOS\Source\stream_buffer.o
 .debug_frame   0x00000000      0x378 FreeRTOS\Source\stream_buffer.o
 .ARM.attributes
                0x00000000       0x39 FreeRTOS\Source\stream_buffer.o
 .text          0x00000000        0x0 FreeRTOS\Source\tasks.o
 .data          0x00000000        0x0 FreeRTOS\Source\tasks.o
 .bss           0x00000000        0x0 FreeRTOS\Source\tasks.o
 .text.vTaskDelete
                0x00000000      0x11c FreeRTOS\Source\tasks.o
 .text.eTaskGetState
                0x00000000       0xb0 FreeRTOS\Source\tasks.o
 .text.uxTaskPriorityGet
                0x00000000       0x34 FreeRTOS\Source\tasks.o
 .text.uxTaskPriorityGetFromISR
                0x00000000       0x58 FreeRTOS\Source\tasks.o
 .text.vTaskPrioritySet
                0x00000000      0x15c FreeRTOS\Source\tasks.o
 .text.vTaskSuspend
                0x00000000      0x124 FreeRTOS\Source\tasks.o
 .text.prvTaskIsTaskSuspended
                0x00000000       0x74 FreeRTOS\Source\tasks.o
 .text.vTaskResume
                0x00000000       0xb8 FreeRTOS\Source\tasks.o
 .text.xTaskResumeFromISR
                0x00000000       0xe0 FreeRTOS\Source\tasks.o
 .text.vTaskEndScheduler
                0x00000000       0x30 FreeRTOS\Source\tasks.o
 .text.xTaskGetTickCount
                0x00000000       0x20 FreeRTOS\Source\tasks.o
 .text.xTaskGetTickCountFromISR
                0x00000000       0x24 FreeRTOS\Source\tasks.o
 .text.uxTaskGetNumberOfTasks
                0x00000000       0x18 FreeRTOS\Source\tasks.o
 .text.pcTaskGetName
                0x00000000       0x48 FreeRTOS\Source\tasks.o
 .text.uxTaskGetSystemState
                0x00000000      0x11c FreeRTOS\Source\tasks.o
 .text.vTaskPlaceOnEventList
                0x00000000       0x48 FreeRTOS\Source\tasks.o
 .text.vTaskPlaceOnUnorderedEventList
                0x00000000       0x74 FreeRTOS\Source\tasks.o
 .text.xTaskRemoveFromEventList
                0x00000000       0xc4 FreeRTOS\Source\tasks.o
 .text.vTaskRemoveFromUnorderedEventList
                0x00000000       0xc0 FreeRTOS\Source\tasks.o
 .text.vTaskSetTimeOutState
                0x00000000       0x4c FreeRTOS\Source\tasks.o
 .text.vTaskInternalSetTimeOutState
                0x00000000       0x2c FreeRTOS\Source\tasks.o
 .text.xTaskCheckForTimeOut
                0x00000000       0xc0 FreeRTOS\Source\tasks.o
 .text.vTaskMissedYield
                0x00000000       0x18 FreeRTOS\Source\tasks.o
 .text.uxTaskGetTaskNumber
                0x00000000       0x2c FreeRTOS\Source\tasks.o
 .text.vTaskSetTaskNumber
                0x00000000       0x26 FreeRTOS\Source\tasks.o
 .text.vTaskGetInfo
                0x00000000       0xcc FreeRTOS\Source\tasks.o
 .text.prvListTasksWithinSingleList
                0x00000000       0xa4 FreeRTOS\Source\tasks.o
 .text.prvTaskCheckFreeStackSpace
                0x00000000       0x38 FreeRTOS\Source\tasks.o
 .text.xTaskGetCurrentTaskHandle
                0x00000000       0x20 FreeRTOS\Source\tasks.o
 .text.xTaskGetSchedulerState
                0x00000000       0x3c FreeRTOS\Source\tasks.o
 .text.xTaskPriorityInherit
                0x00000000      0x10c FreeRTOS\Source\tasks.o
 .text.xTaskPriorityDisinherit
                0x00000000      0x108 FreeRTOS\Source\tasks.o
 .text.vTaskPriorityDisinheritAfterTimeout
                0x00000000      0x13c FreeRTOS\Source\tasks.o
 .text.uxTaskResetEventItemValue
                0x00000000       0x30 FreeRTOS\Source\tasks.o
 .text.pvTaskIncrementMutexHeldCount
                0x00000000       0x28 FreeRTOS\Source\tasks.o
 .text.ulTaskNotifyTake
                0x00000000       0x90 FreeRTOS\Source\tasks.o
 .text.xTaskNotifyWait
                0x00000000       0xb4 FreeRTOS\Source\tasks.o
 .text.xTaskGenericNotify
                0x00000000      0x140 FreeRTOS\Source\tasks.o
 .text.xTaskGenericNotifyFromISR
                0x00000000      0x18c FreeRTOS\Source\tasks.o
 .text.vTaskNotifyGiveFromISR
                0x00000000      0x120 FreeRTOS\Source\tasks.o
 .text.xTaskNotifyStateClear
                0x00000000       0x4c FreeRTOS\Source\tasks.o
 .text          0x00000000        0x0 FreeRTOS\Source\timers.o
 .data          0x00000000        0x0 FreeRTOS\Source\timers.o
 .bss           0x00000000        0x0 FreeRTOS\Source\timers.o
 .debug_info    0x00000000      0x8b0 FreeRTOS\Source\timers.o
 .debug_abbrev  0x00000000      0x155 FreeRTOS\Source\timers.o
 .debug_aranges
                0x00000000       0x18 FreeRTOS\Source\timers.o
 .debug_line    0x00000000      0x284 FreeRTOS\Source\timers.o
 .debug_str     0x00000000      0x629 FreeRTOS\Source\timers.o
 .comment       0x00000000       0x7d FreeRTOS\Source\timers.o
 .ARM.attributes
                0x00000000       0x39 FreeRTOS\Source\timers.o
 .text          0x00000000        0x0 src\main.o
 .data          0x00000000        0x0 src\main.o
 .bss           0x00000000        0x0 src\main.o
 .text          0x00000000       0x14 src\startup_stm32f40xx.o
 .data          0x00000000        0x0 src\startup_stm32f40xx.o
 .bss           0x00000000        0x0 src\startup_stm32f40xx.o
 .text          0x00000000        0x0 src\system_stm32f4xx.o
 .data          0x00000000        0x0 src\system_stm32f4xx.o
 .bss           0x00000000        0x0 src\system_stm32f4xx.o
 .data.AHBPrescTable
                0x00000000       0x10 src\system_stm32f4xx.o
 .text.SystemCoreClockUpdate
                0x00000000       0xf8 src\system_stm32f4xx.o
 .text          0x00000000        0x0 c:/program files (x86)/atollic/truestudio for stm32 9.0.0/armtools/bin/../lib/gcc/arm-atollic-eabi/6.3.1/../../../../arm-atollic-eabi/lib/armv7e-m/fpu\libc_nano.a(lib_a-init.o)
 .data          0x00000000        0x0 c:/program files (x86)/atollic/truestudio for stm32 9.0.0/armtools/bin/../lib/gcc/arm-atollic-eabi/6.3.1/../../../../arm-atollic-eabi/lib/armv7e-m/fpu\libc_nano.a(lib_a-init.o)
 .bss           0x00000000        0x0 c:/program files (x86)/atollic/truestudio for stm32 9.0.0/armtools/bin/../lib/gcc/arm-atollic-eabi/6.3.1/../../../../arm-atollic-eabi/lib/armv7e-m/fpu\libc_nano.a(lib_a-init.o)
 .text          0x00000000        0x0 c:/program files (x86)/atollic/truestudio for stm32 9.0.0/armtools/bin/../lib/gcc/arm-atollic-eabi/6.3.1/../../../../arm-atollic-eabi/lib/armv7e-m/fpu\libc_nano.a(lib_a-memcpy-stub.o)
 .data          0x00000000        0x0 c:/program files (x86)/atollic/truestudio for stm32 9.0.0/armtools/bin/../lib/gcc/arm-atollic-eabi/6.3.1/../../../../arm-atollic-eabi/lib/armv7e-m/fpu\libc_nano.a(lib_a-memcpy-stub.o)
 .bss           0x00000000        0x0 c:/program files (x86)/atollic/truestudio for stm32 9.0.0/armtools/bin/../lib/gcc/arm-atollic-eabi/6.3.1/../../../../arm-atollic-eabi/lib/armv7e-m/fpu\libc_nano.a(lib_a-memcpy-stub.o)
 .text.memcpy   0x00000000       0x16 c:/program files (x86)/atollic/truestudio for stm32 9.0.0/armtools/bin/../lib/gcc/arm-atollic-eabi/6.3.1/../../../../arm-atollic-eabi/lib/armv7e-m/fpu\libc_nano.a(lib_a-memcpy-stub.o)
 .debug_frame   0x00000000       0x28 c:/program files (x86)/atollic/truestudio for stm32 9.0.0/armtools/bin/../lib/gcc/arm-atollic-eabi/6.3.1/../../../../arm-atollic-eabi/lib/armv7e-m/fpu\libc_nano.a(lib_a-memcpy-stub.o)
 .ARM.attributes
                0x00000000       0x34 c:/program files (x86)/atollic/truestudio for stm32 9.0.0/armtools/bin/../lib/gcc/arm-atollic-eabi/6.3.1/../../../../arm-atollic-eabi/lib/armv7e-m/fpu\libc_nano.a(lib_a-memcpy-stub.o)
 .text          0x00000000        0x0 c:/program files (x86)/atollic/truestudio for stm32 9.0.0/armtools/bin/../lib/gcc/arm-atollic-eabi/6.3.1/../../../../arm-atollic-eabi/lib/armv7e-m/fpu\libc_nano.a(lib_a-memset.o)
 .data          0x00000000        0x0 c:/program files (x86)/atollic/truestudio for stm32 9.0.0/armtools/bin/../lib/gcc/arm-atollic-eabi/6.3.1/../../../../arm-atollic-eabi/lib/armv7e-m/fpu\libc_nano.a(lib_a-memset.o)
 .bss           0x00000000        0x0 c:/program files (x86)/atollic/truestudio for stm32 9.0.0/armtools/bin/../lib/gcc/arm-atollic-eabi/6.3.1/../../../../arm-atollic-eabi/lib/armv7e-m/fpu\libc_nano.a(lib_a-memset.o)
 .text          0x00000000        0x0 c:/program files (x86)/atollic/truestudio for stm32 9.0.0/armtools/bin/../lib/gcc/arm-atollic-eabi/6.3.1/armv7e-m/fpu/crtend.o
 .data          0x00000000        0x0 c:/program files (x86)/atollic/truestudio for stm32 9.0.0/armtools/bin/../lib/gcc/arm-atollic-eabi/6.3.1/armv7e-m/fpu/crtend.o
 .bss           0x00000000        0x0 c:/program files (x86)/atollic/truestudio for stm32 9.0.0/armtools/bin/../lib/gcc/arm-atollic-eabi/6.3.1/armv7e-m/fpu/crtend.o
 .eh_frame      0x00000000        0x4 c:/program files (x86)/atollic/truestudio for stm32 9.0.0/armtools/bin/../lib/gcc/arm-atollic-eabi/6.3.1/armv7e-m/fpu/crtend.o
 .ARM.attributes
                0x00000000       0x34 c:/program files (x86)/atollic/truestudio for stm32 9.0.0/armtools/bin/../lib/gcc/arm-atollic-eabi/6.3.1/armv7e-m/fpu/crtend.o
 .text          0x00000000        0x0 c:/program files (x86)/atollic/truestudio for stm32 9.0.0/armtools/bin/../lib/gcc/arm-atollic-eabi/6.3.1/armv7e-m/fpu/crtn.o
 .data          0x00000000        0x0 c:/program files (x86)/atollic/truestudio for stm32 9.0.0/armtools/bin/../lib/gcc/arm-atollic-eabi/6.3.1/armv7e-m/fpu/crtn.o
 .bss           0x00000000        0x0 c:/program files (x86)/atollic/truestudio for stm32 9.0.0/armtools/bin/../lib/gcc/arm-atollic-eabi/6.3.1/armv7e-m/fpu/crtn.o

Memory Configuration

Name             Origin             Length             Attributes
FLASH            0x08000000         0x00100000         xr
RAM              0x20000000         0x00020000         xrw
MEMORY_B1        0x60000000         0x00000000         xr
CCMRAM           0x10000000         0x00010000         rw
*default*        0x00000000         0xffffffff

Linker script and memory map

LOAD c:/program files (x86)/atollic/truestudio for stm32 9.0.0/armtools/bin/../lib/gcc/arm-atollic-eabi/6.3.1/armv7e-m/fpu/crti.o
LOAD c:/program files (x86)/atollic/truestudio for stm32 9.0.0/armtools/bin/../lib/gcc/arm-atollic-eabi/6.3.1/armv7e-m/fpu/crtbegin.o
LOAD FreeRTOS\Source\croutine.o
LOAD FreeRTOS\Source\event_groups.o
LOAD FreeRTOS\Source\list.o
LOAD FreeRTOS\Source\portable\GCC\ARM_CM4F\port.o
LOAD FreeRTOS\Source\portable\MemMang\heap_4.o
LOAD FreeRTOS\Source\queue.o
LOAD FreeRTOS\Source\stream_buffer.o
LOAD FreeRTOS\Source\tasks.o
LOAD FreeRTOS\Source\timers.o
LOAD src\main.o
LOAD src\startup_stm32f40xx.o
LOAD src\system_stm32f4xx.o
                0x00000080                malloc_getpagesize_P = 0x80
START GROUP
LOAD c:/program files (x86)/atollic/truestudio for stm32 9.0.0/armtools/bin/../lib/gcc/arm-atollic-eabi/6.3.1/../../../../arm-atollic-eabi/lib/armv7e-m/fpu\libc_nano.a
LOAD c:/program files (x86)/atollic/truestudio for stm32 9.0.0/armtools/bin/../lib/gcc/arm-atollic-eabi/6.3.1/../../../../arm-atollic-eabi/lib/armv7e-m/fpu\libm.a
END GROUP
START GROUP
LOAD c:/program files (x86)/atollic/truestudio for stm32 9.0.0/armtools/bin/../lib/gcc/arm-atollic-eabi/6.3.1/armv7e-m/fpu\libgcc.a
LOAD c:/program files (x86)/atollic/truestudio for stm32 9.0.0/armtools/bin/../lib/gcc/arm-atollic-eabi/6.3.1/../../../../arm-atollic-eabi/lib/armv7e-m/fpu\libc_nano.a
END GROUP
START GROUP
LOAD c:/program files (x86)/atollic/truestudio for stm32 9.0.0/armtools/bin/../lib/gcc/arm-atollic-eabi/6.3.1/armv7e-m/fpu\libgcc.a
LOAD c:/program files (x86)/atollic/truestudio for stm32 9.0.0/armtools/bin/../lib/gcc/arm-atollic-eabi/6.3.1/../../../../arm-atollic-eabi/lib/armv7e-m/fpu\libc_nano.a
LOAD c:/program files (x86)/atollic/truestudio for stm32 9.0.0/armtools/bin/../lib/gcc/arm-atollic-eabi/6.3.1/../../../../arm-atollic-eabi/lib/armv7e-m/fpu\libnosys.a
END GROUP
START GROUP
LOAD c:/program files (x86)/atollic/truestudio for stm32 9.0.0/armtools/bin/../lib/gcc/arm-atollic-eabi/6.3.1/armv7e-m/fpu\libgcc.a
LOAD c:/program files (x86)/atollic/truestudio for stm32 9.0.0/armtools/bin/../lib/gcc/arm-atollic-eabi/6.3.1/../../../../arm-atollic-eabi/lib/armv7e-m/fpu\libc_nano.a
LOAD c:/program files (x86)/atollic/truestudio for stm32 9.0.0/armtools/bin/../lib/gcc/arm-atollic-eabi/6.3.1/../../../../arm-atollic-eabi/lib/armv7e-m/fpu\libnosys.a
END GROUP
LOAD c:/program files (x86)/atollic/truestudio for stm32 9.0.0/armtools/bin/../lib/gcc/arm-atollic-eabi/6.3.1/armv7e-m/fpu/crtend.o
LOAD c:/program files (x86)/atollic/truestudio for stm32 9.0.0/armtools/bin/../lib/gcc/arm-atollic-eabi/6.3.1/armv7e-m/fpu/crtn.o
                0x20020000                _estack = 0x20020000
                0x00000000                _Min_Heap_Size = 0x0
                0x00000400                _Min_Stack_Size = 0x400

.isr_vector     0x08000000      0x188
                0x08000000                . = ALIGN (0x4)
 *(.isr_vector)
 .isr_vector    0x08000000      0x188 src\startup_stm32f40xx.o
                0x08000000                g_pfnVectors
                0x08000188                . = ALIGN (0x4)

.text           0x08000190     0x162c
                0x08000190                . = ALIGN (0x4)
 *(.text)
 .text          0x08000190       0x40 c:/program files (x86)/atollic/truestudio for stm32 9.0.0/armtools/bin/../lib/gcc/arm-atollic-eabi/6.3.1/armv7e-m/fpu/crtbegin.o
 *(.text*)
 .text.vListInitialise
                0x080001d0       0x40 FreeRTOS\Source\list.o
                0x080001d0                vListInitialise
 .text.vListInitialiseItem
                0x08000210       0x1a FreeRTOS\Source\list.o
                0x08000210                vListInitialiseItem
 .text.vListInsertEnd
                0x0800022a       0x48 FreeRTOS\Source\list.o
                0x0800022a                vListInsertEnd
 .text.vListInsert
                0x08000272       0x72 FreeRTOS\Source\list.o
                0x08000272                vListInsert
 .text.uxListRemove
                0x080002e4       0x54 FreeRTOS\Source\list.o
                0x080002e4                uxListRemove
 .text.pxPortInitialiseStack
                0x08000338       0x68 FreeRTOS\Source\portable\GCC\ARM_CM4F\port.o
                0x08000338                pxPortInitialiseStack
 .text.prvTaskExitError
                0x080003a0       0x54 FreeRTOS\Source\portable\GCC\ARM_CM4F\port.o
 *fill*         0x080003f4        0xc 
 .text.SVC_Handler
                0x08000400       0x28 FreeRTOS\Source\portable\GCC\ARM_CM4F\port.o
                0x08000400                SVC_Handler
 .text.prvPortStartFirstTask
                0x08000428       0x28 FreeRTOS\Source\portable\GCC\ARM_CM4F\port.o
 .text.xPortStartScheduler
                0x08000450      0x13c FreeRTOS\Source\portable\GCC\ARM_CM4F\port.o
                0x08000450                xPortStartScheduler
 .text.vPortEnterCritical
                0x0800058c       0x5c FreeRTOS\Source\portable\GCC\ARM_CM4F\port.o
                0x0800058c                vPortEnterCritical
 .text.vPortExitCritical
                0x080005e8       0x50 FreeRTOS\Source\portable\GCC\ARM_CM4F\port.o
                0x080005e8                vPortExitCritical
 *fill*         0x08000638        0x8 
 .text.PendSV_Handler
                0x08000640       0x68 FreeRTOS\Source\portable\GCC\ARM_CM4F\port.o
                0x08000640                PendSV_Handler
 .text.SysTick_Handler
                0x080006a8       0x40 FreeRTOS\Source\portable\GCC\ARM_CM4F\port.o
                0x080006a8                SysTick_Handler
 .text.vPortSetupTimerInterrupt
                0x080006e8       0x48 FreeRTOS\Source\portable\GCC\ARM_CM4F\port.o
                0x080006e8                vPortSetupTimerInterrupt
 .text.vPortEnableVFP
                0x08000730       0x14 FreeRTOS\Source\portable\GCC\ARM_CM4F\port.o
 .text.pvPortMalloc
                0x08000744      0x184 FreeRTOS\Source\portable\MemMang\heap_4.o
                0x08000744                pvPortMalloc
 .text.vPortFree
                0x080008c8       0xb0 FreeRTOS\Source\portable\MemMang\heap_4.o
                0x080008c8                vPortFree
 .text.prvHeapInit
                0x08000978       0xc4 FreeRTOS\Source\portable\MemMang\heap_4.o
 .text.prvInsertBlockIntoFreeList
                0x08000a3c       0xb4 FreeRTOS\Source\portable\MemMang\heap_4.o
 .text.xTaskCreate
                0x08000af0       0x82 FreeRTOS\Source\tasks.o
                0x08000af0                xTaskCreate
 .text.prvInitialiseNewTask
                0x08000b72      0x10c FreeRTOS\Source\tasks.o
 *fill*         0x08000c7e        0x2 
 .text.prvAddNewTaskToReadyList
                0x08000c80       0xdc FreeRTOS\Source\tasks.o
 .text.vTaskDelay
                0x08000d5c       0x68 FreeRTOS\Source\tasks.o
                0x08000d5c                vTaskDelay
 .text.vTaskStartScheduler
                0x08000dc4       0x8c FreeRTOS\Source\tasks.o
                0x08000dc4                vTaskStartScheduler
 .text.vTaskSuspendAll
                0x08000e50       0x1c FreeRTOS\Source\tasks.o
                0x08000e50                vTaskSuspendAll
 .text.xTaskResumeAll
                0x08000e6c      0x138 FreeRTOS\Source\tasks.o
                0x08000e6c                xTaskResumeAll
 .text.xTaskIncrementTick
                0x08000fa4      0x178 FreeRTOS\Source\tasks.o
                0x08000fa4                xTaskIncrementTick
 .text.vTaskSwitchContext
                0x0800111c       0xb4 FreeRTOS\Source\tasks.o
                0x0800111c                vTaskSwitchContext
 .text.prvIdleTask
                0x080011d0       0x30 FreeRTOS\Source\tasks.o
 .text.prvInitialiseTaskLists
                0x08001200       0x80 FreeRTOS\Source\tasks.o
 .text.prvCheckTasksWaitingTermination
                0x08001280       0x58 FreeRTOS\Source\tasks.o
 .text.prvDeleteTCB
                0x080012d8       0x20 FreeRTOS\Source\tasks.o
 .text.prvResetNextTaskUnblockTime
                0x080012f8       0x4c FreeRTOS\Source\tasks.o
 .text.prvAddCurrentTaskToDelayedList
                0x08001344       0xcc FreeRTOS\Source\tasks.o
 .text.NVIC_SetPriority
                0x08001410       0x54 src\main.o
 .text.SysTick_Config
                0x08001464       0x44 src\main.o
 .text.main     0x080014a8       0x38 src\main.o
                0x080014a8                main
 .text.prvSetupHardware
                0x080014e0       0x68 src\main.o
                0x080014e0                prvSetupHardware
 .text.prvTaskBlinkLED
                0x08001548       0x4c src\main.o
                0x08001548                prvTaskBlinkLED
 .text.Reset_Handler
                0x08001594       0x50 src\startup_stm32f40xx.o
                0x08001594                Reset_Handler
 .text.Default_Handler
                0x080015e4        0x2 src\startup_stm32f40xx.o
                0x080015e4                RTC_Alarm_IRQHandler
                0x080015e4                HASH_RNG_IRQHandler
                0x080015e4                EXTI2_IRQHandler
                0x080015e4                TIM8_CC_IRQHandler
                0x080015e4                DebugMon_Handler
                0x080015e4                TIM1_CC_IRQHandler
                0x080015e4                DMA2_Stream5_IRQHandler
                0x080015e4                HardFault_Handler
                0x080015e4                DMA1_Stream5_IRQHandler
                0x080015e4                PVD_IRQHandler
                0x080015e4                SDIO_IRQHandler
                0x080015e4                TAMP_STAMP_IRQHandler
                0x080015e4                NMI_Handler
                0x080015e4                CAN2_RX1_IRQHandler
                0x080015e4                EXTI3_IRQHandler
                0x080015e4                TIM8_TRG_COM_TIM14_IRQHandler
                0x080015e4                TIM1_UP_TIM10_IRQHandler
                0x080015e4                TIM8_UP_TIM13_IRQHandler
                0x080015e4                I2C3_ER_IRQHandler
                0x080015e4                EXTI0_IRQHandler
                0x080015e4                I2C2_EV_IRQHandler
                0x080015e4                DMA1_Stream2_IRQHandler
                0x080015e4                CAN1_RX0_IRQHandler
                0x080015e4                FPU_IRQHandler
                0x080015e4                OTG_HS_WKUP_IRQHandler
                0x080015e4                UsageFault_Handler
                0x080015e4                CAN2_SCE_IRQHandler
                0x080015e4                DMA2_Stream2_IRQHandler
                0x080015e4                SPI1_IRQHandler
                0x080015e4                TIM6_DAC_IRQHandler
                0x080015e4                TIM1_BRK_TIM9_IRQHandler
                0x080015e4                DCMI_IRQHandler
                0x080015e4                CAN2_RX0_IRQHandler
                0x080015e4                DMA2_Stream3_IRQHandler
                0x080015e4                USART6_IRQHandler
                0x080015e4                USART3_IRQHandler
                0x080015e4                CRYP_IRQHandler
                0x080015e4                CAN1_RX1_IRQHandler
                0x080015e4                UART5_IRQHandler
                0x080015e4                DMA2_Stream0_IRQHandler
                0x080015e4                TIM4_IRQHandler
                0x080015e4                I2C1_EV_IRQHandler
                0x080015e4                DMA1_Stream6_IRQHandler
                0x080015e4                DMA1_Stream1_IRQHandler
                0x080015e4                UART4_IRQHandler
                0x080015e4                TIM3_IRQHandler
                0x080015e4                RCC_IRQHandler
                0x080015e4                TIM8_BRK_TIM12_IRQHandler
                0x080015e4                Default_Handler
                0x080015e4                EXTI15_10_IRQHandler
                0x080015e4                ADC_IRQHandler
                0x080015e4                DMA1_Stream7_IRQHandler
                0x080015e4                TIM7_IRQHandler
                0x080015e4                CAN2_TX_IRQHandler
                0x080015e4                TIM5_IRQHandler
                0x080015e4                DMA2_Stream7_IRQHandler
                0x080015e4                I2C3_EV_IRQHandler
                0x080015e4                EXTI9_5_IRQHandler
                0x080015e4                RTC_WKUP_IRQHandler
                0x080015e4                ETH_WKUP_IRQHandler
                0x080015e4                SPI2_IRQHandler
                0x080015e4                OTG_HS_EP1_IN_IRQHandler
                0x080015e4                MemManage_Handler
                0x080015e4                DMA1_Stream0_IRQHandler
                0x080015e4                CAN1_TX_IRQHandler
                0x080015e4                EXTI4_IRQHandler
                0x080015e4                FSMC_IRQHandler
                0x080015e4                ETH_IRQHandler
                0x080015e4                OTG_HS_EP1_OUT_IRQHandler
                0x080015e4                WWDG_IRQHandler
                0x080015e4                TIM2_IRQHandler
                0x080015e4                OTG_FS_WKUP_IRQHandler
                0x080015e4                TIM1_TRG_COM_TIM11_IRQHandler
                0x080015e4                OTG_HS_IRQHandler
                0x080015e4                EXTI1_IRQHandler
                0x080015e4                USART2_IRQHandler
                0x080015e4                I2C2_ER_IRQHandler
                0x080015e4                DMA2_Stream1_IRQHandler
                0x080015e4                CAN1_SCE_IRQHandler
                0x080015e4                FLASH_IRQHandler
                0x080015e4                DMA2_Stream4_IRQHandler
                0x080015e4                BusFault_Handler
                0x080015e4                USART1_IRQHandler
                0x080015e4                OTG_FS_IRQHandler
                0x080015e4                SPI3_IRQHandler
                0x080015e4                DMA1_Stream4_IRQHandler
                0x080015e4                I2C1_ER_IRQHandler
                0x080015e4                DMA2_Stream6_IRQHandler
                0x080015e4                DMA1_Stream3_IRQHandler
 *fill*         0x080015e6        0x2 
 .text.SystemInit
                0x080015e8       0x6c src\system_stm32f4xx.o
                0x080015e8                SystemInit
 .text.SetSysClock
                0x08001654       0xf8 src\system_stm32f4xx.o
 .text.__libc_init_array
                0x0800174c       0x48 c:/program files (x86)/atollic/truestudio for stm32 9.0.0/armtools/bin/../lib/gcc/arm-atollic-eabi/6.3.1/../../../../arm-atollic-eabi/lib/armv7e-m/fpu\libc_nano.a(lib_a-init.o)
                0x0800174c                __libc_init_array
 .text.memset   0x08001794       0x10 c:/program files (x86)/atollic/truestudio for stm32 9.0.0/armtools/bin/../lib/gcc/arm-atollic-eabi/6.3.1/../../../../arm-atollic-eabi/lib/armv7e-m/fpu\libc_nano.a(lib_a-memset.o)
                0x08001794                memset
 *(.glue_7)
 .glue_7        0x080017a4        0x0 linker stubs
 *(.glue_7t)
 .glue_7t       0x080017a4        0x0 linker stubs
 *(.eh_frame)
 .eh_frame      0x080017a4        0x0 c:/program files (x86)/atollic/truestudio for stm32 9.0.0/armtools/bin/../lib/gcc/arm-atollic-eabi/6.3.1/armv7e-m/fpu/crtbegin.o
 *(.init)
 .init          0x080017a4        0x4 c:/program files (x86)/atollic/truestudio for stm32 9.0.0/armtools/bin/../lib/gcc/arm-atollic-eabi/6.3.1/armv7e-m/fpu/crti.o
                0x080017a4                _init
 .init          0x080017a8        0x8 c:/program files (x86)/atollic/truestudio for stm32 9.0.0/armtools/bin/../lib/gcc/arm-atollic-eabi/6.3.1/armv7e-m/fpu/crtn.o
 *(.fini)
 .fini          0x080017b0        0x4 c:/program files (x86)/atollic/truestudio for stm32 9.0.0/armtools/bin/../lib/gcc/arm-atollic-eabi/6.3.1/armv7e-m/fpu/crti.o
                0x080017b0                _fini
 .fini          0x080017b4        0x8 c:/program files (x86)/atollic/truestudio for stm32 9.0.0/armtools/bin/../lib/gcc/arm-atollic-eabi/6.3.1/armv7e-m/fpu/crtn.o
                0x080017bc                . = ALIGN (0x4)
                0x080017bc                _etext = .

.vfp11_veneer   0x080017bc        0x0
 .vfp11_veneer  0x080017bc        0x0 linker stubs

.v4_bx          0x080017bc        0x0
 .v4_bx         0x080017bc        0x0 linker stubs

.iplt           0x080017bc        0x0
 .iplt          0x080017bc        0x0 c:/program files (x86)/atollic/truestudio for stm32 9.0.0/armtools/bin/../lib/gcc/arm-atollic-eabi/6.3.1/armv7e-m/fpu/crtbegin.o

.rodata         0x080017bc       0x10
                0x080017bc                . = ALIGN (0x4)
 *(.rodata)
 .rodata        0x080017bc        0x5 FreeRTOS\Source\tasks.o
 *fill*         0x080017c1        0x3 
 .rodata        0x080017c4        0x6 src\main.o
 *(.rodata*)
                0x080017cc                . = ALIGN (0x4)
 *fill*         0x080017ca        0x2 

.rel.dyn        0x080017cc        0x0
 .rel.iplt      0x080017cc        0x0 c:/program files (x86)/atollic/truestudio for stm32 9.0.0/armtools/bin/../lib/gcc/arm-atollic-eabi/6.3.1/armv7e-m/fpu/crtbegin.o

.ARM.extab
 *(.ARM.extab* .gnu.linkonce.armextab.*)

.ARM            0x080017cc        0x0
                0x080017cc                __exidx_start = .
 *(.ARM.exidx*)
                0x080017cc                __exidx_end = .

.preinit_array  0x080017cc        0x0
                0x080017cc                PROVIDE (__preinit_array_start, .)
 *(.preinit_array*)
                0x080017cc                PROVIDE (__preinit_array_end, .)

.init_array     0x080017cc        0x4
                0x080017cc                PROVIDE (__init_array_start, .)
 *(SORT(.init_array.*))
 *(.init_array*)
 .init_array    0x080017cc        0x4 c:/program files (x86)/atollic/truestudio for stm32 9.0.0/armtools/bin/../lib/gcc/arm-atollic-eabi/6.3.1/armv7e-m/fpu/crtbegin.o
                0x080017d0                PROVIDE (__init_array_end, .)

.fini_array     0x080017d0        0x4
                [!provide]                PROVIDE (__fini_array_start, .)
 *(SORT(.fini_array.*))
 *(.fini_array*)
 .fini_array    0x080017d0        0x4 c:/program files (x86)/atollic/truestudio for stm32 9.0.0/armtools/bin/../lib/gcc/arm-atollic-eabi/6.3.1/armv7e-m/fpu/crtbegin.o
                [!provide]                PROVIDE (__fini_array_end, .)
                0x080017d4                _sidata = LOADADDR (.data)

.data           0x20000000        0x8 load address 0x080017d4
                0x20000000                . = ALIGN (0x4)
                0x20000000                _sdata = .
 *(.data)
 *(.data*)
 .data.uxCriticalNesting
                0x20000000        0x4 FreeRTOS\Source\portable\GCC\ARM_CM4F\port.o
 .data.SystemCoreClock
                0x20000004        0x4 src\system_stm32f4xx.o
                0x20000004                SystemCoreClock
                0x20000008                . = ALIGN (0x4)
                0x20000008                _edata = .
                0x080017dc                _siccmram = LOADADDR (.ccmram)

.igot.plt       0x20000008        0x0 load address 0x080017dc
 .igot.plt      0x20000008        0x0 c:/program files (x86)/atollic/truestudio for stm32 9.0.0/armtools/bin/../lib/gcc/arm-atollic-eabi/6.3.1/armv7e-m/fpu/crtbegin.o

.ccmram         0x10000000        0x0 load address 0x080017dc
                0x10000000                . = ALIGN (0x4)
                0x10000000                _sccmram = .
 *(.ccmram)
 *(.ccmram*)
                0x10000000                . = ALIGN (0x4)
                0x10000000                _eccmram = .
                0x10000000                . = ALIGN (0x4)

.bss            0x20000008     0x3d68
                0x20000008                _sbss = .
                0x20000008                __bss_start__ = _sbss
 *(.bss)
 .bss           0x20000008       0x1c c:/program files (x86)/atollic/truestudio for stm32 9.0.0/armtools/bin/../lib/gcc/arm-atollic-eabi/6.3.1/armv7e-m/fpu/crtbegin.o
 *(.bss*)
 .bss.ucMaxSysCallPriority
                0x20000024        0x1 FreeRTOS\Source\portable\GCC\ARM_CM4F\port.o
 *fill*         0x20000025        0x3 
 .bss.ulMaxPRIGROUPValue
                0x20000028        0x4 FreeRTOS\Source\portable\GCC\ARM_CM4F\port.o
 .bss.ucHeap    0x2000002c     0x3c00 FreeRTOS\Source\portable\MemMang\heap_4.o
 .bss.xStart    0x20003c2c        0x8 FreeRTOS\Source\portable\MemMang\heap_4.o
 .bss.pxEnd     0x20003c34        0x4 FreeRTOS\Source\portable\MemMang\heap_4.o
 .bss.xFreeBytesRemaining
                0x20003c38        0x4 FreeRTOS\Source\portable\MemMang\heap_4.o
 .bss.xMinimumEverFreeBytesRemaining
                0x20003c3c        0x4 FreeRTOS\Source\portable\MemMang\heap_4.o
 .bss.xBlockAllocatedBit
                0x20003c40        0x4 FreeRTOS\Source\portable\MemMang\heap_4.o
 .bss.pxCurrentTCB
                0x20003c44        0x4 FreeRTOS\Source\tasks.o
                0x20003c44                pxCurrentTCB
 .bss.pxReadyTasksLists
                0x20003c48       0x8c FreeRTOS\Source\tasks.o
 .bss.xDelayedTaskList1
                0x20003cd4       0x14 FreeRTOS\Source\tasks.o
 .bss.xDelayedTaskList2
                0x20003ce8       0x14 FreeRTOS\Source\tasks.o
 .bss.pxDelayedTaskList
                0x20003cfc        0x4 FreeRTOS\Source\tasks.o
 .bss.pxOverflowDelayedTaskList
                0x20003d00        0x4 FreeRTOS\Source\tasks.o
 .bss.xPendingReadyList
                0x20003d04       0x14 FreeRTOS\Source\tasks.o
 .bss.xTasksWaitingTermination
                0x20003d18       0x14 FreeRTOS\Source\tasks.o
 .bss.uxDeletedTasksWaitingCleanUp
                0x20003d2c        0x4 FreeRTOS\Source\tasks.o
 .bss.xSuspendedTaskList
                0x20003d30       0x14 FreeRTOS\Source\tasks.o
 .bss.uxCurrentNumberOfTasks
                0x20003d44        0x4 FreeRTOS\Source\tasks.o
 .bss.xTickCount
                0x20003d48        0x4 FreeRTOS\Source\tasks.o
 .bss.uxTopReadyPriority
                0x20003d4c        0x4 FreeRTOS\Source\tasks.o
 .bss.xSchedulerRunning
                0x20003d50        0x4 FreeRTOS\Source\tasks.o
 .bss.uxPendedTicks
                0x20003d54        0x4 FreeRTOS\Source\tasks.o
 .bss.xYieldPending
                0x20003d58        0x4 FreeRTOS\Source\tasks.o
 .bss.xNumOfOverflows
                0x20003d5c        0x4 FreeRTOS\Source\tasks.o
 .bss.uxTaskNumber
                0x20003d60        0x4 FreeRTOS\Source\tasks.o
 .bss.xNextTaskUnblockTime
                0x20003d64        0x4 FreeRTOS\Source\tasks.o
 .bss.xIdleTaskHandle
                0x20003d68        0x4 FreeRTOS\Source\tasks.o
 .bss.uxSchedulerSuspended
                0x20003d6c        0x4 FreeRTOS\Source\tasks.o
 *(COMMON)
                0x20003d70                . = ALIGN (0x4)
                0x20003d70                _ebss = .
                0x20003d70                __bss_end__ = _ebss

._user_heap_stack
                0x20003d70      0x400
                0x20003d70                . = ALIGN (0x4)
                [!provide]                PROVIDE (end, .)
                [!provide]                PROVIDE (_end, .)
                0x20003d70                . = (. + _Min_Heap_Size)
                0x20004170                . = (. + _Min_Stack_Size)
 *fill*         0x20003d70      0x400 
                0x20004170                . = ALIGN (0x4)

.memory_b1_text
 *(.mb1text)
 *(.mb1text*)
 *(.mb1rodata)
 *(.mb1rodata*)

/DISCARD/
 libc.a(*)
 libm.a(*)
 libgcc.a(*)

.ARM.attributes
                0x00000000       0x30
 *(.ARM.attributes)
 .ARM.attributes
                0x00000000       0x22 c:/program files (x86)/atollic/truestudio for stm32 9.0.0/armtools/bin/../lib/gcc/arm-atollic-eabi/6.3.1/armv7e-m/fpu/crti.o
 .ARM.attributes
                0x00000022       0x34 c:/program files (x86)/atollic/truestudio for stm32 9.0.0/armtools/bin/../lib/gcc/arm-atollic-eabi/6.3.1/armv7e-m/fpu/crtbegin.o
 .ARM.attributes
                0x00000056       0x39 FreeRTOS\Source\list.o
 .ARM.attributes
                0x0000008f       0x39 FreeRTOS\Source\portable\GCC\ARM_CM4F\port.o
 .ARM.attributes
                0x000000c8       0x39 FreeRTOS\Source\portable\MemMang\heap_4.o
 .ARM.attributes
                0x00000101       0x39 FreeRTOS\Source\tasks.o
 .ARM.attributes
                0x0000013a       0x39 src\main.o
 .ARM.attributes
                0x00000173       0x21 src\startup_stm32f40xx.o
 .ARM.attributes
                0x00000194       0x39 src\system_stm32f4xx.o
 .ARM.attributes
                0x000001cd       0x34 c:/program files (x86)/atollic/truestudio for stm32 9.0.0/armtools/bin/../lib/gcc/arm-atollic-eabi/6.3.1/../../../../arm-atollic-eabi/lib/armv7e-m/fpu\libc_nano.a(lib_a-init.o)
 .ARM.attributes
                0x00000201       0x34 c:/program files (x86)/atollic/truestudio for stm32 9.0.0/armtools/bin/../lib/gcc/arm-atollic-eabi/6.3.1/../../../../arm-atollic-eabi/lib/armv7e-m/fpu\libc_nano.a(lib_a-memset.o)
 .ARM.attributes
                0x00000235       0x22 c:/program files (x86)/atollic/truestudio for stm32 9.0.0/armtools/bin/../lib/gcc/arm-atollic-eabi/6.3.1/armv7e-m/fpu/crtn.o
OUTPUT(FreeRTOS.elf elf32-littlearm)

.debug_info     0x00000000     0x50ff
 .debug_info    0x00000000      0xac8 FreeRTOS\Source\list.o
 .debug_info    0x00000ac8      0x536 FreeRTOS\Source\portable\GCC\ARM_CM4F\port.o
 .debug_info    0x00000ffe      0xbed FreeRTOS\Source\portable\MemMang\heap_4.o
 .debug_info    0x00001beb     0x2536 FreeRTOS\Source\tasks.o
 .debug_info    0x00004121      0x963 src\main.o
 .debug_info    0x00004a84       0x9e src\startup_stm32f40xx.o
 .debug_info    0x00004b22      0x5dd src\system_stm32f4xx.o

.debug_abbrev   0x00000000      0xce3
 .debug_abbrev  0x00000000      0x1cc FreeRTOS\Source\list.o
 .debug_abbrev  0x000001cc      0x20d FreeRTOS\Source\portable\GCC\ARM_CM4F\port.o
 .debug_abbrev  0x000003d9      0x29b FreeRTOS\Source\portable\MemMang\heap_4.o
 .debug_abbrev  0x00000674      0x34d FreeRTOS\Source\tasks.o
 .debug_abbrev  0x000009c1      0x1b8 src\main.o
 .debug_abbrev  0x00000b79       0x12 src\startup_stm32f40xx.o
 .debug_abbrev  0x00000b8b      0x158 src\system_stm32f4xx.o

.debug_aranges  0x00000000      0x380
 .debug_aranges
                0x00000000       0x40 FreeRTOS\Source\list.o
 .debug_aranges
                0x00000040       0x80 FreeRTOS\Source\portable\GCC\ARM_CM4F\port.o
 .debug_aranges
                0x000000c0       0x50 FreeRTOS\Source\portable\MemMang\heap_4.o
 .debug_aranges
                0x00000110      0x1d8 FreeRTOS\Source\tasks.o
 .debug_aranges
                0x000002e8       0x40 src\main.o
 .debug_aranges
                0x00000328       0x28 src\startup_stm32f40xx.o
 .debug_aranges
                0x00000350       0x30 src\system_stm32f4xx.o

.debug_ranges   0x00000000      0x318
 .debug_ranges  0x00000000       0x30 FreeRTOS\Source\list.o
 .debug_ranges  0x00000030       0x70 FreeRTOS\Source\portable\GCC\ARM_CM4F\port.o
 .debug_ranges  0x000000a0       0x40 FreeRTOS\Source\portable\MemMang\heap_4.o
 .debug_ranges  0x000000e0      0x1c8 FreeRTOS\Source\tasks.o
 .debug_ranges  0x000002a8       0x30 src\main.o
 .debug_ranges  0x000002d8       0x20 src\startup_stm32f40xx.o
 .debug_ranges  0x000002f8       0x20 src\system_stm32f4xx.o

.debug_line     0x00000000     0x212e
 .debug_line    0x00000000      0x3bb FreeRTOS\Source\list.o
 .debug_line    0x000003bb      0x474 FreeRTOS\Source\portable\GCC\ARM_CM4F\port.o
 .debug_line    0x0000082f      0x48d FreeRTOS\Source\portable\MemMang\heap_4.o
 .debug_line    0x00000cbc      0xf50 FreeRTOS\Source\tasks.o
 .debug_line    0x00001c0c      0x291 src\main.o
 .debug_line    0x00001e9d       0x7a src\startup_stm32f40xx.o
 .debug_line    0x00001f17      0x217 src\system_stm32f4xx.o

.debug_str      0x00000000     0x1fcf
 .debug_str     0x00000000      0x6e1 FreeRTOS\Source\list.o
                                0x766 (size before relaxing)
 .debug_str     0x000006e1      0x275 FreeRTOS\Source\portable\GCC\ARM_CM4F\port.o
                                0x486 (size before relaxing)
 .debug_str     0x00000956      0x1e7 FreeRTOS\Source\portable\MemMang\heap_4.o
                                0x830 (size before relaxing)
 .debug_str     0x00000b3d      0xc81 FreeRTOS\Source\tasks.o
                               0x141e (size before relaxing)
 .debug_str     0x000017be      0x753 src\main.o
                                0x98b (size before relaxing)
 .debug_str     0x00001f11       0xbe src\system_stm32f4xx.o
                                0x42e (size before relaxing)

.comment        0x00000000       0x7c
 .comment       0x00000000       0x7c FreeRTOS\Source\list.o
                                 0x7d (size before relaxing)
 .comment       0x0000007c       0x7d FreeRTOS\Source\portable\GCC\ARM_CM4F\port.o
 .comment       0x0000007c       0x7d FreeRTOS\Source\portable\MemMang\heap_4.o
 .comment       0x0000007c       0x7d FreeRTOS\Source\tasks.o
 .comment       0x0000007c       0x7d src\main.o
 .comment       0x0000007c       0x7d src\system_stm32f4xx.o

.debug_frame    0x00000000      0xd14
 .debug_frame   0x00000000       0xd8 FreeRTOS\Source\list.o
 .debug_frame   0x000000d8      0x1a8 FreeRTOS\Source\portable\GCC\ARM_CM4F\port.o
 .debug_frame   0x00000280      0x108 FreeRTOS\Source\portable\MemMang\heap_4.o
 .debug_frame   0x00000388      0x80c FreeRTOS\Source\tasks.o
 .debug_frame   0x00000b94       0xb8 src\main.o
 .debug_frame   0x00000c4c       0x7c src\system_stm32f4xx.o
 .debug_frame   0x00000cc8       0x2c c:/program files (x86)/atollic/truestudio for stm32 9.0.0/armtools/bin/../lib/gcc/arm-atollic-eabi/6.3.1/../../../../arm-atollic-eabi/lib/armv7e-m/fpu\libc_nano.a(lib_a-init.o)
 .debug_frame   0x00000cf4       0x20 c:/program files (x86)/atollic/truestudio for stm32 9.0.0/armtools/bin/../lib/gcc/arm-atollic-eabi/6.3.1/../../../../arm-atollic-eabi/lib/armv7e-m/fpu\libc_nano.a(lib_a-memset.o)

Cross Reference Table

Symbol                                            File
ADC_IRQHandler                                    src\startup_stm32f40xx.o
AHBPrescTable                                     src\system_stm32f4xx.o
BusFault_Handler                                  src\startup_stm32f40xx.o
CAN1_RX0_IRQHandler                               src\startup_stm32f40xx.o
CAN1_RX1_IRQHandler                               src\startup_stm32f40xx.o
CAN1_SCE_IRQHandler                               src\startup_stm32f40xx.o
CAN1_TX_IRQHandler                                src\startup_stm32f40xx.o
CAN2_RX0_IRQHandler                               src\startup_stm32f40xx.o
CAN2_RX1_IRQHandler                               src\startup_stm32f40xx.o
CAN2_SCE_IRQHandler                               src\startup_stm32f40xx.o
CAN2_TX_IRQHandler                                src\startup_stm32f40xx.o
CRYP_IRQHandler                                   src\startup_stm32f40xx.o
DCMI_IRQHandler                                   src\startup_stm32f40xx.o
DMA1_Stream0_IRQHandler                           src\startup_stm32f40xx.o
DMA1_Stream1_IRQHandler                           src\startup_stm32f40xx.o
DMA1_Stream2_IRQHandler                           src\startup_stm32f40xx.o
DMA1_Stream3_IRQHandler                           src\startup_stm32f40xx.o
DMA1_Stream4_IRQHandler                           src\startup_stm32f40xx.o
DMA1_Stream5_IRQHandler                           src\startup_stm32f40xx.o
DMA1_Stream6_IRQHandler                           src\startup_stm32f40xx.o
DMA1_Stream7_IRQHandler                           src\startup_stm32f40xx.o
DMA2_Stream0_IRQHandler                           src\startup_stm32f40xx.o
DMA2_Stream1_IRQHandler                           src\startup_stm32f40xx.o
DMA2_Stream2_IRQHandler                           src\startup_stm32f40xx.o
DMA2_Stream3_IRQHandler                           src\startup_stm32f40xx.o
DMA2_Stream4_IRQHandler                           src\startup_stm32f40xx.o
DMA2_Stream5_IRQHandler                           src\startup_stm32f40xx.o
DMA2_Stream6_IRQHandler                           src\startup_stm32f40xx.o
DMA2_Stream7_IRQHandler                           src\startup_stm32f40xx.o
DebugMon_Handler                                  src\startup_stm32f40xx.o
Default_Handler                                   src\startup_stm32f40xx.o
ETH_IRQHandler                                    src\startup_stm32f40xx.o
ETH_WKUP_IRQHandler                               src\startup_stm32f40xx.o
EXTI0_IRQHandler                                  src\startup_stm32f40xx.o
EXTI15_10_IRQHandler                              src\startup_stm32f40xx.o
EXTI1_IRQHandler                                  src\startup_stm32f40xx.o
EXTI2_IRQHandler                                  src\startup_stm32f40xx.o
EXTI3_IRQHandler                                  src\startup_stm32f40xx.o
EXTI4_IRQHandler                                  src\startup_stm32f40xx.o
EXTI9_5_IRQHandler                                src\startup_stm32f40xx.o
FLASH_IRQHandler                                  src\startup_stm32f40xx.o
FPU_IRQHandler                                    src\startup_stm32f40xx.o
FSMC_IRQHandler                                   src\startup_stm32f40xx.o
HASH_RNG_IRQHandler                               src\startup_stm32f40xx.o
HardFault_Handler                                 src\startup_stm32f40xx.o
I2C1_ER_IRQHandler                                src\startup_stm32f40xx.o
I2C1_EV_IRQHandler                                src\startup_stm32f40xx.o
I2C2_ER_IRQHandler                                src\startup_stm32f40xx.o
I2C2_EV_IRQHandler                                src\startup_stm32f40xx.o
I2C3_ER_IRQHandler                                src\startup_stm32f40xx.o
I2C3_EV_IRQHandler                                src\startup_stm32f40xx.o
MemManage_Handler                                 src\startup_stm32f40xx.o
NMI_Handler                                       src\startup_stm32f40xx.o
OTG_FS_IRQHandler                                 src\startup_stm32f40xx.o
OTG_FS_WKUP_IRQHandler                            src\startup_stm32f40xx.o
OTG_HS_EP1_IN_IRQHandler                          src\startup_stm32f40xx.o
OTG_HS_EP1_OUT_IRQHandler                         src\startup_stm32f40xx.o
OTG_HS_IRQHandler                                 src\startup_stm32f40xx.o
OTG_HS_WKUP_IRQHandler                            src\startup_stm32f40xx.o
PVD_IRQHandler                                    src\startup_stm32f40xx.o
PendSV_Handler                                    FreeRTOS\Source\portable\GCC\ARM_CM4F\port.o
RCC_IRQHandler                                    src\startup_stm32f40xx.o
RTC_Alarm_IRQHandler                              src\startup_stm32f40xx.o
RTC_WKUP_IRQHandler                               src\startup_stm32f40xx.o
Reset_Handler                                     src\startup_stm32f40xx.o
SDIO_IRQHandler                                   src\startup_stm32f40xx.o
SPI1_IRQHandler                                   src\startup_stm32f40xx.o
SPI2_IRQHandler                                   src\startup_stm32f40xx.o
SPI3_IRQHandler                                   src\startup_stm32f40xx.o
SVC_Handler                                       FreeRTOS\Source\portable\GCC\ARM_CM4F\port.o
SysTick_Handler                                   FreeRTOS\Source\portable\GCC\ARM_CM4F\port.o
SystemCoreClock                                   src\system_stm32f4xx.o
                                                  src\main.o
                                                  FreeRTOS\Source\portable\GCC\ARM_CM4F\port.o
SystemCoreClockUpdate                             src\system_stm32f4xx.o
SystemInit                                        src\system_stm32f4xx.o
                                                  src\startup_stm32f40xx.o
TAMP_STAMP_IRQHandler                             src\startup_stm32f40xx.o
TIM1_BRK_TIM9_IRQHandler                          src\startup_stm32f40xx.o
TIM1_CC_IRQHandler                                src\startup_stm32f40xx.o
TIM1_TRG_COM_TIM11_IRQHandler                     src\startup_stm32f40xx.o
TIM1_UP_TIM10_IRQHandler                          src\startup_stm32f40xx.o
TIM2_IRQHandler                                   src\startup_stm32f40xx.o
TIM3_IRQHandler                                   src\startup_stm32f40xx.o
TIM4_IRQHandler                                   src\startup_stm32f40xx.o
TIM5_IRQHandler                                   src\startup_stm32f40xx.o
TIM6_DAC_IRQHandler                               src\startup_stm32f40xx.o
TIM7_IRQHandler                                   src\startup_stm32f40xx.o
TIM8_BRK_TIM12_IRQHandler                         src\startup_stm32f40xx.o
TIM8_CC_IRQHandler                                src\startup_stm32f40xx.o
TIM8_TRG_COM_TIM14_IRQHandler                     src\startup_stm32f40xx.o
TIM8_UP_TIM13_IRQHandler                          src\startup_stm32f40xx.o
UART4_IRQHandler                                  src\startup_stm32f40xx.o
UART5_IRQHandler                                  src\startup_stm32f40xx.o
USART1_IRQHandler                                 src\startup_stm32f40xx.o
USART2_IRQHandler                                 src\startup_stm32f40xx.o
USART3_IRQHandler                                 src\startup_stm32f40xx.o
USART6_IRQHandler                                 src\startup_stm32f40xx.o
UsageFault_Handler                                src\startup_stm32f40xx.o
WWDG_IRQHandler                                   src\startup_stm32f40xx.o
__deregister_frame_info                           c:/program files (x86)/atollic/truestudio for stm32 9.0.0/armtools/bin/../lib/gcc/arm-atollic-eabi/6.3.1/armv7e-m/fpu/crtbegin.o
__dso_handle                                      c:/program files (x86)/atollic/truestudio for stm32 9.0.0/armtools/bin/../lib/gcc/arm-atollic-eabi/6.3.1/armv7e-m/fpu/crtbegin.o
__init_array_end                                  c:/program files (x86)/atollic/truestudio for stm32 9.0.0/armtools/bin/../lib/gcc/arm-atollic-eabi/6.3.1/../../../../arm-atollic-eabi/lib/armv7e-m/fpu\libc_nano.a(lib_a-init.o)
__init_array_start                                c:/program files (x86)/atollic/truestudio for stm32 9.0.0/armtools/bin/../lib/gcc/arm-atollic-eabi/6.3.1/../../../../arm-atollic-eabi/lib/armv7e-m/fpu\libc_nano.a(lib_a-init.o)
__libc_init_array                                 c:/program files (x86)/atollic/truestudio for stm32 9.0.0/armtools/bin/../lib/gcc/arm-atollic-eabi/6.3.1/../../../../arm-atollic-eabi/lib/armv7e-m/fpu\libc_nano.a(lib_a-init.o)
                                                  src\startup_stm32f40xx.o
__preinit_array_end                               c:/program files (x86)/atollic/truestudio for stm32 9.0.0/armtools/bin/../lib/gcc/arm-atollic-eabi/6.3.1/../../../../arm-atollic-eabi/lib/armv7e-m/fpu\libc_nano.a(lib_a-init.o)
__preinit_array_start                             c:/program files (x86)/atollic/truestudio for stm32 9.0.0/armtools/bin/../lib/gcc/arm-atollic-eabi/6.3.1/../../../../arm-atollic-eabi/lib/armv7e-m/fpu\libc_nano.a(lib_a-init.o)
__register_frame_info                             c:/program files (x86)/atollic/truestudio for stm32 9.0.0/armtools/bin/../lib/gcc/arm-atollic-eabi/6.3.1/armv7e-m/fpu/crtbegin.o
_ebss                                             src\startup_stm32f40xx.o
_edata                                            src\startup_stm32f40xx.o
_estack                                           src\startup_stm32f40xx.o
_fini                                             c:/program files (x86)/atollic/truestudio for stm32 9.0.0/armtools/bin/../lib/gcc/arm-atollic-eabi/6.3.1/armv7e-m/fpu/crti.o
_init                                             c:/program files (x86)/atollic/truestudio for stm32 9.0.0/armtools/bin/../lib/gcc/arm-atollic-eabi/6.3.1/armv7e-m/fpu/crti.o
                                                  c:/program files (x86)/atollic/truestudio for stm32 9.0.0/armtools/bin/../lib/gcc/arm-atollic-eabi/6.3.1/../../../../arm-atollic-eabi/lib/armv7e-m/fpu\libc_nano.a(lib_a-init.o)
_sbss                                             src\startup_stm32f40xx.o
_sdata                                            src\startup_stm32f40xx.o
_sidata                                           src\startup_stm32f40xx.o
eTaskGetState                                     FreeRTOS\Source\tasks.o
g_pfnVectors                                      src\startup_stm32f40xx.o
main                                              src\main.o
                                                  src\startup_stm32f40xx.o
memcpy                                            c:/program files (x86)/atollic/truestudio for stm32 9.0.0/armtools/bin/../lib/gcc/arm-atollic-eabi/6.3.1/../../../../arm-atollic-eabi/lib/armv7e-m/fpu\libc_nano.a(lib_a-memcpy-stub.o)
                                                  FreeRTOS\Source\stream_buffer.o
                                                  FreeRTOS\Source\queue.o
memset                                            c:/program files (x86)/atollic/truestudio for stm32 9.0.0/armtools/bin/../lib/gcc/arm-atollic-eabi/6.3.1/../../../../arm-atollic-eabi/lib/armv7e-m/fpu\libc_nano.a(lib_a-memset.o)
                                                  FreeRTOS\Source\tasks.o
                                                  FreeRTOS\Source\stream_buffer.o
pcQueueGetName                                    FreeRTOS\Source\queue.o
pcTaskGetName                                     FreeRTOS\Source\tasks.o
prvSetupHardware                                  src\main.o
prvTaskBlinkLED                                   src\main.o
pvPortMalloc                                      FreeRTOS\Source\portable\MemMang\heap_4.o
                                                  FreeRTOS\Source\tasks.o
                                                  FreeRTOS\Source\stream_buffer.o
                                                  FreeRTOS\Source\queue.o
                                                  FreeRTOS\Source\event_groups.o
pvTaskIncrementMutexHeldCount                     FreeRTOS\Source\tasks.o
                                                  FreeRTOS\Source\queue.o
pxCurrentTCB                                      FreeRTOS\Source\tasks.o
                                                  FreeRTOS\Source\portable\GCC\ARM_CM4F\port.o
pxPortInitialiseStack                             FreeRTOS\Source\portable\GCC\ARM_CM4F\port.o
                                                  FreeRTOS\Source\tasks.o
ucQueueGetQueueType                               FreeRTOS\Source\queue.o
ucStreamBufferGetStreamBufferType                 FreeRTOS\Source\stream_buffer.o
ulTaskNotifyTake                                  FreeRTOS\Source\tasks.o
uxEventGroupGetNumber                             FreeRTOS\Source\event_groups.o
uxListRemove                                      FreeRTOS\Source\list.o
                                                  FreeRTOS\Source\tasks.o
uxQueueGetQueueNumber                             FreeRTOS\Source\queue.o
uxQueueMessagesWaiting                            FreeRTOS\Source\queue.o
uxQueueMessagesWaitingFromISR                     FreeRTOS\Source\queue.o
uxQueueSpacesAvailable                            FreeRTOS\Source\queue.o
uxStreamBufferGetStreamBufferNumber               FreeRTOS\Source\stream_buffer.o
uxTaskGetNumberOfTasks                            FreeRTOS\Source\tasks.o
uxTaskGetSystemState                              FreeRTOS\Source\tasks.o
uxTaskGetTaskNumber                               FreeRTOS\Source\tasks.o
uxTaskPriorityGet                                 FreeRTOS\Source\tasks.o
uxTaskPriorityGetFromISR                          FreeRTOS\Source\tasks.o
uxTaskResetEventItemValue                         FreeRTOS\Source\tasks.o
                                                  FreeRTOS\Source\event_groups.o
vEventGroupClearBitsCallback                      FreeRTOS\Source\event_groups.o
vEventGroupDelete                                 FreeRTOS\Source\event_groups.o
vEventGroupSetBitsCallback                        FreeRTOS\Source\event_groups.o
vEventGroupSetNumber                              FreeRTOS\Source\event_groups.o
vListInitialise                                   FreeRTOS\Source\list.o
                                                  FreeRTOS\Source\tasks.o
                                                  FreeRTOS\Source\queue.o
                                                  FreeRTOS\Source\event_groups.o
vListInitialiseItem                               FreeRTOS\Source\list.o
                                                  FreeRTOS\Source\tasks.o
vListInsert                                       FreeRTOS\Source\list.o
                                                  FreeRTOS\Source\tasks.o
vListInsertEnd                                    FreeRTOS\Source\list.o
                                                  FreeRTOS\Source\tasks.o
vPortEndScheduler                                 FreeRTOS\Source\portable\GCC\ARM_CM4F\port.o
                                                  FreeRTOS\Source\tasks.o
vPortEnterCritical                                FreeRTOS\Source\portable\GCC\ARM_CM4F\port.o
                                                  FreeRTOS\Source\tasks.o
                                                  FreeRTOS\Source\stream_buffer.o
                                                  FreeRTOS\Source\queue.o
                                                  FreeRTOS\Source\event_groups.o
vPortExitCritical                                 FreeRTOS\Source\portable\GCC\ARM_CM4F\port.o
                                                  FreeRTOS\Source\tasks.o
                                                  FreeRTOS\Source\stream_buffer.o
                                                  FreeRTOS\Source\queue.o
                                                  FreeRTOS\Source\event_groups.o
vPortFree                                         FreeRTOS\Source\portable\MemMang\heap_4.o
                                                  FreeRTOS\Source\tasks.o
                                                  FreeRTOS\Source\stream_buffer.o
                                                  FreeRTOS\Source\queue.o
                                                  FreeRTOS\Source\event_groups.o
vPortInitialiseBlocks                             FreeRTOS\Source\portable\MemMang\heap_4.o
vPortSetupTimerInterrupt                          FreeRTOS\Source\portable\GCC\ARM_CM4F\port.o
vPortValidateInterruptPriority                    FreeRTOS\Source\portable\GCC\ARM_CM4F\port.o
                                                  FreeRTOS\Source\tasks.o
                                                  FreeRTOS\Source\queue.o
vQueueAddToRegistry                               FreeRTOS\Source\queue.o
vQueueDelete                                      FreeRTOS\Source\queue.o
vQueueSetQueueNumber                              FreeRTOS\Source\queue.o
vQueueUnregisterQueue                             FreeRTOS\Source\queue.o
vStreamBufferDelete                               FreeRTOS\Source\stream_buffer.o
vStreamBufferSetStreamBufferNumber                FreeRTOS\Source\stream_buffer.o
vTaskDelay                                        FreeRTOS\Source\tasks.o
                                                  src\main.o
vTaskDelete                                       FreeRTOS\Source\tasks.o
vTaskEndScheduler                                 FreeRTOS\Source\tasks.o
vTaskGetInfo                                      FreeRTOS\Source\tasks.o
vTaskInternalSetTimeOutState                      FreeRTOS\Source\tasks.o
                                                  FreeRTOS\Source\queue.o
vTaskMissedYield                                  FreeRTOS\Source\tasks.o
                                                  FreeRTOS\Source\queue.o
vTaskNotifyGiveFromISR                            FreeRTOS\Source\tasks.o
vTaskPlaceOnEventList                             FreeRTOS\Source\tasks.o
                                                  FreeRTOS\Source\queue.o
vTaskPlaceOnUnorderedEventList                    FreeRTOS\Source\tasks.o
                                                  FreeRTOS\Source\event_groups.o
vTaskPriorityDisinheritAfterTimeout               FreeRTOS\Source\tasks.o
                                                  FreeRTOS\Source\queue.o
vTaskPrioritySet                                  FreeRTOS\Source\tasks.o
vTaskRemoveFromUnorderedEventList                 FreeRTOS\Source\tasks.o
                                                  FreeRTOS\Source\event_groups.o
vTaskResume                                       FreeRTOS\Source\tasks.o
vTaskSetTaskNumber                                FreeRTOS\Source\tasks.o
vTaskSetTimeOutState                              FreeRTOS\Source\tasks.o
                                                  FreeRTOS\Source\stream_buffer.o
vTaskStartScheduler                               FreeRTOS\Source\tasks.o
                                                  src\main.o
vTaskSuspend                                      FreeRTOS\Source\tasks.o
vTaskSuspendAll                                   FreeRTOS\Source\tasks.o
                                                  FreeRTOS\Source\stream_buffer.o
                                                  FreeRTOS\Source\queue.o
                                                  FreeRTOS\Source\portable\MemMang\heap_4.o
                                                  FreeRTOS\Source\event_groups.o
vTaskSwitchContext                                FreeRTOS\Source\tasks.o
                                                  FreeRTOS\Source\portable\GCC\ARM_CM4F\port.o
xEventGroupClearBits                              FreeRTOS\Source\event_groups.o
xEventGroupCreate                                 FreeRTOS\Source\event_groups.o
xEventGroupGetBitsFromISR                         FreeRTOS\Source\event_groups.o
xEventGroupSetBits                                FreeRTOS\Source\event_groups.o
xEventGroupSync                                   FreeRTOS\Source\event_groups.o
xEventGroupWaitBits                               FreeRTOS\Source\event_groups.o
xPortGetFreeHeapSize                              FreeRTOS\Source\portable\MemMang\heap_4.o
xPortGetMinimumEverFreeHeapSize                   FreeRTOS\Source\portable\MemMang\heap_4.o
xPortStartScheduler                               FreeRTOS\Source\portable\GCC\ARM_CM4F\port.o
                                                  FreeRTOS\Source\tasks.o
xQueueCreateCountingSemaphore                     FreeRTOS\Source\queue.o
xQueueCreateMutex                                 FreeRTOS\Source\queue.o
xQueueGenericCreate                               FreeRTOS\Source\queue.o
xQueueGenericReset                                FreeRTOS\Source\queue.o
xQueueGenericSend                                 FreeRTOS\Source\queue.o
xQueueGenericSendFromISR                          FreeRTOS\Source\queue.o
xQueueGiveFromISR                                 FreeRTOS\Source\queue.o
xQueueGiveMutexRecursive                          FreeRTOS\Source\queue.o
xQueueIsQueueEmptyFromISR                         FreeRTOS\Source\queue.o
xQueueIsQueueFullFromISR                          FreeRTOS\Source\queue.o
xQueuePeek                                        FreeRTOS\Source\queue.o
xQueuePeekFromISR                                 FreeRTOS\Source\queue.o
xQueueReceive                                     FreeRTOS\Source\queue.o
xQueueReceiveFromISR                              FreeRTOS\Source\queue.o
xQueueRegistry                                    FreeRTOS\Source\queue.o
xQueueSemaphoreTake                               FreeRTOS\Source\queue.o
xQueueTakeMutexRecursive                          FreeRTOS\Source\queue.o
xStreamBufferBytesAvailable                       FreeRTOS\Source\stream_buffer.o
xStreamBufferGenericCreate                        FreeRTOS\Source\stream_buffer.o
xStreamBufferIsEmpty                              FreeRTOS\Source\stream_buffer.o
xStreamBufferIsFull                               FreeRTOS\Source\stream_buffer.o
xStreamBufferReceive                              FreeRTOS\Source\stream_buffer.o
xStreamBufferReceiveCompletedFromISR              FreeRTOS\Source\stream_buffer.o
xStreamBufferReceiveFromISR                       FreeRTOS\Source\stream_buffer.o
xStreamBufferReset                                FreeRTOS\Source\stream_buffer.o
xStreamBufferSend                                 FreeRTOS\Source\stream_buffer.o
xStreamBufferSendCompletedFromISR                 FreeRTOS\Source\stream_buffer.o
xStreamBufferSendFromISR                          FreeRTOS\Source\stream_buffer.o
xStreamBufferSetTriggerLevel                      FreeRTOS\Source\stream_buffer.o
xStreamBufferSpacesAvailable                      FreeRTOS\Source\stream_buffer.o
xTaskCheckForTimeOut                              FreeRTOS\Source\tasks.o
                                                  FreeRTOS\Source\stream_buffer.o
                                                  FreeRTOS\Source\queue.o
xTaskCreate                                       FreeRTOS\Source\tasks.o
                                                  src\main.o
xTaskGenericNotify                                FreeRTOS\Source\tasks.o
                                                  FreeRTOS\Source\stream_buffer.o
xTaskGenericNotifyFromISR                         FreeRTOS\Source\tasks.o
                                                  FreeRTOS\Source\stream_buffer.o
xTaskGetCurrentTaskHandle                         FreeRTOS\Source\tasks.o
                                                  FreeRTOS\Source\stream_buffer.o
                                                  FreeRTOS\Source\queue.o
xTaskGetSchedulerState                            FreeRTOS\Source\tasks.o
                                                  FreeRTOS\Source\queue.o
                                                  FreeRTOS\Source\event_groups.o
xTaskGetTickCount                                 FreeRTOS\Source\tasks.o
xTaskGetTickCountFromISR                          FreeRTOS\Source\tasks.o
xTaskIncrementTick                                FreeRTOS\Source\tasks.o
                                                  FreeRTOS\Source\portable\GCC\ARM_CM4F\port.o
xTaskNotifyStateClear                             FreeRTOS\Source\tasks.o
                                                  FreeRTOS\Source\stream_buffer.o
xTaskNotifyWait                                   FreeRTOS\Source\tasks.o
                                                  FreeRTOS\Source\stream_buffer.o
xTaskPriorityDisinherit                           FreeRTOS\Source\tasks.o
                                                  FreeRTOS\Source\queue.o
xTaskPriorityInherit                              FreeRTOS\Source\tasks.o
                                                  FreeRTOS\Source\queue.o
xTaskRemoveFromEventList                          FreeRTOS\Source\tasks.o
                                                  FreeRTOS\Source\queue.o
xTaskResumeAll                                    FreeRTOS\Source\tasks.o
                                                  FreeRTOS\Source\stream_buffer.o
                                                  FreeRTOS\Source\queue.o
                                                  FreeRTOS\Source\portable\MemMang\heap_4.o
                                                  FreeRTOS\Source\event_groups.o
xTaskResumeFromISR                                FreeRTOS\Source\tasks.o
